******************************************************************************
                  TI ARM Linker PC v16.9.3                     
******************************************************************************
>> Linked Sat May 05 12:38:19 2018

OUTPUT FILE NAME:   <ble5_spp_ble_client_cc2640r2lp_app.out>
ENTRY POINT SYMBOL: "ResetISR"  address: 000123ad


MEMORY CONFIGURATION

         name            origin    length      used     unused   attr    fill
----------------------  --------  ---------  --------  --------  ----  --------
  FLASH                 00000000   0001f000  0001874a  000068b6  R  X
  FLASH_LAST_PAGE       0001f000   00001000  00000058  00000fa8  R  X
  SRAM                  20000000   00004400  00003451  00000faf  RW X


SEGMENT ALLOCATION MAP

run origin  load origin   length   init length attrs members
----------  ----------- ---------- ----------- ----- -------
00000000    00000000    00017754   00017754    r-x
  00000000    00000000    0000003c   0000003c    r-- .resetVecs
  0000003c    0000003c    00000fc4   00000fc4    r-x .text.1
  00001000    00001000    00000028   00000028    r-- .const:ti_sysbios_heaps_HeapMem_Module__FXNS__C
  00001028    00001028    00000024   00000024    r-- .const:ti_sysbios_gates_GateHwi_Module__FXNS__C
  0000104c    0000104c    00000024   00000024    r-- .const:ti_sysbios_gates_GateMutex_Module__FXNS__C
  00001070    00001070    00000020   00000020    r-- .const:ti_sysbios_family_arm_m3_Hwi_Object__DESC__C
  00001090    00001090    00000020   00000020    r-- .const:ti_sysbios_gates_GateHwi_Object__DESC__C
  000010b0    000010b0    00000020   00000020    r-- .const:ti_sysbios_gates_GateMutex_Object__DESC__C
  000010d0    000010d0    00000020   00000020    r-- .const:ti_sysbios_hal_Hwi_Object__DESC__C
  000010f0    000010f0    00000020   00000020    r-- .const:ti_sysbios_heaps_HeapMem_Object__DESC__C
  00001110    00001110    00000020   00000020    r-- .const:ti_sysbios_knl_Clock_Object__DESC__C
  00001130    00001130    00000020   00000020    r-- .const:ti_sysbios_knl_Event_Object__DESC__C
  00001150    00001150    00000020   00000020    r-- .const:ti_sysbios_knl_Mailbox_Object__DESC__C
  00001170    00001170    00000020   00000020    r-- .const:ti_sysbios_knl_Queue_Object__DESC__C
  00001190    00001190    00000020   00000020    r-- .const:ti_sysbios_knl_Semaphore_Object__DESC__C
  000011b0    000011b0    00000020   00000020    r-- .const:ti_sysbios_knl_Swi_Object__DESC__C
  000011d0    000011d0    00000020   00000020    r-- .const:ti_sysbios_knl_Task_Object__DESC__C
  000011f0    000011f0    00000008   00000008    r-- .const:ti_sysbios_knl_Idle_funcList__C
  000011f8    000011f8    00000004   00000004    r-- .const:ti_sysbios_family_arm_cc26xx_Timer_startupNeeded__C
  000011fc    000011fc    00000004   00000004    r-- .const:ti_sysbios_family_arm_m3_Hwi_E_alreadyDefined__C
  00001200    00001200    00000004   00000004    r-- .const:ti_sysbios_family_arm_m3_Hwi_E_hwiLimitExceeded__C
  00001204    00001204    00000004   00000004    r-- .const:ti_sysbios_family_arm_m3_Hwi_NUM_INTERRUPTS__C
  00001208    00001208    00000004   00000004    r-- .const:ti_sysbios_family_arm_m3_Hwi_Object__count__C
  0000120c    0000120c    00000004   00000004    r-- .const:ti_sysbios_family_arm_m3_Hwi_Object__table__C
  00001210    00001210    00000004   00000004    r-- .const:ti_sysbios_family_arm_m3_Hwi_ccr__C
  00001214    00001214    00000004   00000004    r-- .const:ti_sysbios_family_arm_m3_Hwi_excHandlerFunc__C
  00001218    00001218    00000004   00000004    r-- .const:ti_sysbios_family_arm_m3_Hwi_nullIsrFunc__C
  0000121c    0000121c    00000004   00000004    r-- .const:ti_sysbios_family_arm_m3_Hwi_numSparseInterrupts__C
  00001220    00001220    00000004   00000004    r-- .const:ti_sysbios_family_arm_m3_Hwi_priGroup__C
  00001224    00001224    00000004   00000004    r-- .const:ti_sysbios_family_arm_m3_TaskSupport_stackAlignment__C
  00001228    00001228    00000004   00000004    r-- .const:ti_sysbios_heaps_HeapMem_E_memory__C
  0000122c    0000122c    00000004   00000004    r-- .const:ti_sysbios_heaps_HeapMem_Module__gateObj__C
  00001230    00001230    00000004   00000004    r-- .const:ti_sysbios_heaps_HeapMem_Object__count__C
  00001234    00001234    00000004   00000004    r-- .const:ti_sysbios_heaps_HeapMem_Object__table__C
  00001238    00001238    00000004   00000004    r-- .const:ti_sysbios_heaps_HeapMem_reqAlign__C
  0000123c    0000123c    00000004   00000004    r-- .const:ti_sysbios_knl_Clock_triggerClock__C
  00001240    00001240    00000004   00000004    r-- .const:ti_sysbios_knl_Mailbox_Object__count__C
  00001244    00001244    00000004   00000004    r-- .const:ti_sysbios_knl_Mailbox_Object__table__C
  00001248    00001248    00000004   00000004    r-- .const:ti_sysbios_knl_Mailbox_maxTypeAlign__C
  0000124c    0000124c    00000004   00000004    r-- .const:ti_sysbios_knl_Queue_Object__count__C
  00001250    00001250    00000004   00000004    r-- .const:ti_sysbios_knl_Queue_Object__table__C
  00001254    00001254    00000004   00000004    r-- .const:ti_sysbios_knl_Semaphore_eventPost__C
  00001258    00001258    00000004   00000004    r-- .const:ti_sysbios_knl_Semaphore_eventSync__C
  0000125c    0000125c    00000004   00000004    r-- .const:ti_sysbios_knl_Swi_Object__count__C
  00001260    00001260    00000004   00000004    r-- .const:ti_sysbios_knl_Swi_Object__table__C
  00001264    00001264    00000004   00000004    r-- .const:ti_sysbios_knl_Swi_numPriorities__C
  00001268    00001268    00000004   00000004    r-- .const:ti_sysbios_knl_Task_Object__count__C
  0000126c    0000126c    00000004   00000004    r-- .const:ti_sysbios_knl_Task_Object__table__C
  00001270    00001270    00000004   00000004    r-- .const:ti_sysbios_knl_Task_allBlockedFunc__C
  00001274    00001274    00000004   00000004    r-- .const:ti_sysbios_knl_Task_defaultStackHeap__C
  00001278    00001278    00000004   00000004    r-- .const:ti_sysbios_knl_Task_defaultStackSize__C
  0000127c    0000127c    00000004   00000004    r-- .const:ti_sysbios_knl_Task_numConstructedTasks__C
  00001280    00001280    00000002   00000002    r-- .const:ti_sysbios_family_arm_cc26xx_Timer_Module__id__C
  00001282    00001282    00000002   00000002    r-- .const:ti_sysbios_family_arm_cc26xx_TimestampProvider_useClockTimer__C
  00001284    00001284    00000002   00000002    r-- .const:ti_sysbios_family_arm_m3_Hwi_Module__id__C
  00001286    00001286    00000002   00000002    r-- .const:ti_sysbios_gates_GateHwi_Module__id__C
  00001288    00001288    00000002   00000002    r-- .const:ti_sysbios_gates_GateMutex_Module__id__C
  0000128a    0000128a    00000002   00000002    r-- .const:ti_sysbios_heaps_HeapMem_Module__id__C
  0000128c    0000128c    00000002   00000002    r-- .const:ti_sysbios_knl_Task_initStackFlag__C
  0000128e    0000128e    00000001   00000001    r-- .const:ti_sysbios_knl_Clock_tickMode__C
  00001290    00001290    00000008   00000008    r-- .const:xdc_runtime_Startup_firstFxns__C
  00001298    00001298    00000008   00000008    r-- .const:xdc_runtime_Startup_lastFxns__C
  000012a0    000012a0    00000004   00000004    r-- .const:xdc_runtime_Assert_E_assertFailed__C
  000012a4    000012a4    00000004   00000004    r-- .const:xdc_runtime_Error_E_memory__C
  000012a8    000012a8    00000004   00000004    r-- .const:xdc_runtime_Error_policyFxn__C
  000012ac    000012ac    00000004   00000004    r-- .const:xdc_runtime_Error_raiseHook__C
  000012b0    000012b0    00000004   00000004    r-- .const:xdc_runtime_IGateProvider_Interface__BASE__C
  000012b4    000012b4    00000004   00000004    r-- .const:xdc_runtime_IHeap_Interface__BASE__C
  000012b8    000012b8    00000004   00000004    r-- .const:xdc_runtime_IModule_Interface__BASE__C
  000012bc    000012bc    00000004   00000004    r-- .const:xdc_runtime_Memory_defaultHeapInstance__C
  000012c0    000012c0    00000004   00000004    r-- .const:xdc_runtime_Startup_execImpl__C
  000012c4    000012c4    00000004   00000004    r-- .const:xdc_runtime_Startup_maxPasses__C
  000012c8    000012c8    00000004   00000004    r-- .const:xdc_runtime_Startup_sfxnRts__C
  000012cc    000012cc    00000004   00000004    r-- .const:xdc_runtime_Startup_sfxnTab__C
  000012d0    000012d0    00000004   00000004    r-- .const:xdc_runtime_Startup_startModsFxn__C
  000012d4    000012d4    00000004   00000004    r-- .const:xdc_runtime_SysCallback_abortFxn__C
  000012d8    000012d8    00000004   00000004    r-- .const:xdc_runtime_SysCallback_exitFxn__C
  000012dc    000012dc    00000004   00000004    r-- .const:xdc_runtime_System_abortFxn__C
  000012e0    000012e0    00000004   00000004    r-- .const:xdc_runtime_System_exitFxn__C
  000012e4    000012e4    00000004   00000004    r-- .const:xdc_runtime_System_maxAtexitHandlers__C
  000012e8    000012e8    00000004   00000004    r-- .const:xdc_runtime_Text_charTab__C
  000012ec    000012ec    00000004   00000004    r-- .const:xdc_runtime_Text_nameEmpty__C
  000012f0    000012f0    00000004   00000004    r-- .const:xdc_runtime_Text_nameStatic__C
  000012f4    000012f4    00000004   00000004    r-- .const:xdc_runtime_Text_nameUnknown__C
  000012f8    000012f8    00000002   00000002    r-- .const:xdc_runtime_Error_maxDepth__C
  000012fa    000012fa    00000002   00000002    r-- .const:xdc_runtime_Memory_Module__id__C
  000012fc    000012fc    00000002   00000002    r-- .const:xdc_runtime_Text_charCnt__C
  000012fe    000012fe    00000002   00000002    r-- .const:xdc_runtime_Text_isLoaded__C
  00001300    00001300    00000001   00000001    r-- .const:xdc_runtime_Error_policy__C
  00001304    00001304    00000004   00000004    r-- .const:ti_sysbios_rom_ROM_ti_sysbios_family_arm_cc26xx_Timer_getCount64__E
  00001308    00001308    00000004   00000004    r-- .const:ti_sysbios_rom_ROM_ti_sysbios_family_arm_cc26xx_Timer_getCurrentTick__E
  0000130c    0000130c    00000004   00000004    r-- .const:ti_sysbios_rom_ROM_ti_sysbios_family_arm_cc26xx_Timer_getMaxTicks__E
  00001310    00001310    00000004   00000004    r-- .const:ti_sysbios_rom_ROM_ti_sysbios_family_arm_cc26xx_Timer_initDevice__I
  00001314    00001314    00000004   00000004    r-- .const:ti_sysbios_rom_ROM_ti_sysbios_family_arm_cc26xx_Timer_setNextTick__E
  00001318    00001318    00000004   00000004    r-- .const:ti_sysbios_rom_ROM_ti_sysbios_family_arm_cc26xx_Timer_setThreshold__I
  0000131c    0000131c    00000004   00000004    r-- .const:ti_sysbios_rom_ROM_ti_sysbios_family_arm_cc26xx_Timer_start__E
  00001320    00001320    00000004   00000004    r-- .const:ti_sysbios_rom_ROM_ti_sysbios_family_arm_cc26xx_TimestampProvider_get32__E
  00001324    00001324    00000004   00000004    r-- .const:ti_sysbios_rom_ROM_xdc_runtime_Startup_getState__I
  00001328    00001328    00000004   00000004    r-- .const:ti_sysbios_rom_ROM_xdc_runtime_System_SupportProxy_abort__E
  0000132c    0000132c    00000004   00000004    r-- .const:ti_sysbios_rom_ROM_xdc_runtime_System_SupportProxy_exit__E
  00001330    00001330    00014f5c   00014f5c    r-x .text.2
  0001628c    0001628c    00000ff4   00000ff4    r-- .const
  00017280    00017280    000000ba   000000ba    r-- .rodata
  00017340    00017340    00000414   00000414    r-- .cinit
0001e000    0001e000    00001000   00001000    r--
  0001e000    0001e000    00001000   00001000    r-- .TI.bound:NV_FLASH
0001ffa8    0001ffa8    00000058   00000058    r--
  0001ffa8    0001ffa8    00000058   00000058    r-- .ccfg
20000100    20000100    00000106   00000000    rw-
  20000100    20000100    00000044   00000000    rw- .data:ti_sysbios_knl_Task_Module__state__V
  20000144    20000144    00000034   00000000    rw- .data:ti_sysbios_family_arm_m3_Hwi_Module__state__V
  20000178    20000178    0000002c   00000000    rw- .data:ti_sysbios_knl_Clock_Module__state__V
  200001a4    200001a4    00000024   00000000    rw- .data:ti_sysbios_BIOS_Module__state__V
  200001c8    200001c8    0000001c   00000000    rw- .data:ti_sysbios_knl_Swi_Module__state__V
  200001e4    200001e4    00000008   00000000    rw- .data:ti_sysbios_family_arm_cc26xx_Timer_Module__state__V
  200001ec    200001ec    00000004   00000000    rw- .data:ti_sysbios_family_arm_cc26xx_TimestampProvider_Module__state__V
  200001f0    200001f0    00000008   00000000    rw- .data:xdc_runtime_Startup_Module__state__V
  200001f8    200001f8    00000008   00000000    rw- .data:xdc_runtime_System_Module__state__V
  20000200    20000200    00000004   00000000    rw- .data:xdc_runtime_Memory_Module__state__V
  20000204    20000204    00000002   00000000    rw- .data:xdc_runtime_Error_Module__state__V
20000430    20000430    00000010   00000000    rw-
  20000430    20000430    00000010   00000000    rw- .TI.bound:dmaSpi0RxControlTableEntry
20000440    20000440    00000010   00000000    rw-
  20000440    20000440    00000010   00000000    rw- .TI.bound:dmaSpi0TxControlTableEntry
20000500    20000500    00000010   00000000    rw-
  20000500    20000500    00000010   00000000    rw- .TI.bound:dmaSpi1RxControlTableEntry
20000510    20000510    00002e53   00000000    rw-
  20000510    20000510    00000010   00000000    rw- .TI.bound:dmaSpi1TxControlTableEntry
  20000520    20000520    000019d2   00000000    rw- .data
  20001ef8    20001ef8    0000146b   00000000    rw- .bss
20004000    20004000    00000400   00000000    rw-
  20004000    20004000    00000400   00000000    rw- .stack


SECTION ALLOCATION MAP

 output                                  attributes/
section   page    origin      length       input sections
--------  ----  ----------  ----------   ----------------
.resetVecs 
*          0    00000000    0000003c     
                  00000000    0000003c     app_ble_pem3.oem3 (.resetVecs)

.text.1    0    0000003c    00000fc4     
                  0000003c    00000f48     cc2640_ll_xcxx.a : ll.o (.text)
                  00000f84    00000008     ble_r2.symbols (.tramp.LL_ENC_GenerateTrueRandNum.1)
                  00000f8c    00000008     ble_r2.symbols (.tramp.LL_PRIV_GenerateRSA.1)
                  00000f94    00000008     ble_r2.symbols (.tramp.LL_ENC_Init.1)
                  00000f9c    00000064     driverlib.lib : sys_ctrl.obj (.text:NOROM_SysCtrlAdjustRechargeAfterPowerDown)

.const:ti_sysbios_heaps_HeapMem_Module__FXNS__C 
*          0    00001000    00000028     
                  00001000    00000028     app_ble_pem3.oem3 (.const:ti_sysbios_heaps_HeapMem_Module__FXNS__C)

.const:ti_sysbios_gates_GateHwi_Module__FXNS__C 
*          0    00001028    00000024     
                  00001028    00000024     app_ble_pem3.oem3 (.const:ti_sysbios_gates_GateHwi_Module__FXNS__C)

.const:ti_sysbios_gates_GateMutex_Module__FXNS__C 
*          0    0000104c    00000024     
                  0000104c    00000024     app_ble_pem3.oem3 (.const:ti_sysbios_gates_GateMutex_Module__FXNS__C)

.const:ti_sysbios_family_arm_m3_Hwi_Object__DESC__C 
*          0    00001070    00000020     
                  00001070    00000020     app_ble_pem3.oem3 (.const:ti_sysbios_family_arm_m3_Hwi_Object__DESC__C)

.const:ti_sysbios_gates_GateHwi_Object__DESC__C 
*          0    00001090    00000020     
                  00001090    00000020     app_ble_pem3.oem3 (.const:ti_sysbios_gates_GateHwi_Object__DESC__C)

.const:ti_sysbios_gates_GateMutex_Object__DESC__C 
*          0    000010b0    00000020     
                  000010b0    00000020     app_ble_pem3.oem3 (.const:ti_sysbios_gates_GateMutex_Object__DESC__C)

.const:ti_sysbios_hal_Hwi_Object__DESC__C 
*          0    000010d0    00000020     
                  000010d0    00000020     app_ble_pem3.oem3 (.const:ti_sysbios_hal_Hwi_Object__DESC__C)

.const:ti_sysbios_heaps_HeapMem_Object__DESC__C 
*          0    000010f0    00000020     
                  000010f0    00000020     app_ble_pem3.oem3 (.const:ti_sysbios_heaps_HeapMem_Object__DESC__C)

.const:ti_sysbios_knl_Clock_Object__DESC__C 
*          0    00001110    00000020     
                  00001110    00000020     app_ble_pem3.oem3 (.const:ti_sysbios_knl_Clock_Object__DESC__C)

.const:ti_sysbios_knl_Event_Object__DESC__C 
*          0    00001130    00000020     
                  00001130    00000020     app_ble_pem3.oem3 (.const:ti_sysbios_knl_Event_Object__DESC__C)

.const:ti_sysbios_knl_Mailbox_Object__DESC__C 
*          0    00001150    00000020     
                  00001150    00000020     app_ble_pem3.oem3 (.const:ti_sysbios_knl_Mailbox_Object__DESC__C)

.const:ti_sysbios_knl_Queue_Object__DESC__C 
*          0    00001170    00000020     
                  00001170    00000020     app_ble_pem3.oem3 (.const:ti_sysbios_knl_Queue_Object__DESC__C)

.const:ti_sysbios_knl_Semaphore_Object__DESC__C 
*          0    00001190    00000020     
                  00001190    00000020     app_ble_pem3.oem3 (.const:ti_sysbios_knl_Semaphore_Object__DESC__C)

.const:ti_sysbios_knl_Swi_Object__DESC__C 
*          0    000011b0    00000020     
                  000011b0    00000020     app_ble_pem3.oem3 (.const:ti_sysbios_knl_Swi_Object__DESC__C)

.const:ti_sysbios_knl_Task_Object__DESC__C 
*          0    000011d0    00000020     
                  000011d0    00000020     app_ble_pem3.oem3 (.const:ti_sysbios_knl_Task_Object__DESC__C)

.const:ti_sysbios_knl_Idle_funcList__C 
*          0    000011f0    00000008     
                  000011f0    00000008     app_ble_pem3.oem3 (.const:ti_sysbios_knl_Idle_funcList__C)

.const:ti_sysbios_family_arm_cc26xx_Timer_startupNeeded__C 
*          0    000011f8    00000004     
                  000011f8    00000004     app_ble_pem3.oem3 (.const:ti_sysbios_family_arm_cc26xx_Timer_startupNeeded__C)

.const:ti_sysbios_family_arm_m3_Hwi_E_alreadyDefined__C 
*          0    000011fc    00000004     
                  000011fc    00000004     app_ble_pem3.oem3 (.const:ti_sysbios_family_arm_m3_Hwi_E_alreadyDefined__C)

.const:ti_sysbios_family_arm_m3_Hwi_E_hwiLimitExceeded__C 
*          0    00001200    00000004     
                  00001200    00000004     app_ble_pem3.oem3 (.const:ti_sysbios_family_arm_m3_Hwi_E_hwiLimitExceeded__C)

.const:ti_sysbios_family_arm_m3_Hwi_NUM_INTERRUPTS__C 
*          0    00001204    00000004     
                  00001204    00000004     app_ble_pem3.oem3 (.const:ti_sysbios_family_arm_m3_Hwi_NUM_INTERRUPTS__C)

.const:ti_sysbios_family_arm_m3_Hwi_Object__count__C 
*          0    00001208    00000004     
                  00001208    00000004     app_ble_pem3.oem3 (.const:ti_sysbios_family_arm_m3_Hwi_Object__count__C)

.const:ti_sysbios_family_arm_m3_Hwi_Object__table__C 
*          0    0000120c    00000004     
                  0000120c    00000004     app_ble_pem3.oem3 (.const:ti_sysbios_family_arm_m3_Hwi_Object__table__C)

.const:ti_sysbios_family_arm_m3_Hwi_ccr__C 
*          0    00001210    00000004     
                  00001210    00000004     app_ble_pem3.oem3 (.const:ti_sysbios_family_arm_m3_Hwi_ccr__C)

.const:ti_sysbios_family_arm_m3_Hwi_excHandlerFunc__C 
*          0    00001214    00000004     
                  00001214    00000004     app_ble_pem3.oem3 (.const:ti_sysbios_family_arm_m3_Hwi_excHandlerFunc__C)

.const:ti_sysbios_family_arm_m3_Hwi_nullIsrFunc__C 
*          0    00001218    00000004     
                  00001218    00000004     app_ble_pem3.oem3 (.const:ti_sysbios_family_arm_m3_Hwi_nullIsrFunc__C)

.const:ti_sysbios_family_arm_m3_Hwi_numSparseInterrupts__C 
*          0    0000121c    00000004     
                  0000121c    00000004     app_ble_pem3.oem3 (.const:ti_sysbios_family_arm_m3_Hwi_numSparseInterrupts__C)

.const:ti_sysbios_family_arm_m3_Hwi_priGroup__C 
*          0    00001220    00000004     
                  00001220    00000004     app_ble_pem3.oem3 (.const:ti_sysbios_family_arm_m3_Hwi_priGroup__C)

.const:ti_sysbios_family_arm_m3_TaskSupport_stackAlignment__C 
*          0    00001224    00000004     
                  00001224    00000004     app_ble_pem3.oem3 (.const:ti_sysbios_family_arm_m3_TaskSupport_stackAlignment__C)

.const:ti_sysbios_heaps_HeapMem_E_memory__C 
*          0    00001228    00000004     
                  00001228    00000004     app_ble_pem3.oem3 (.const:ti_sysbios_heaps_HeapMem_E_memory__C)

.const:ti_sysbios_heaps_HeapMem_Module__gateObj__C 
*          0    0000122c    00000004     
                  0000122c    00000004     app_ble_pem3.oem3 (.const:ti_sysbios_heaps_HeapMem_Module__gateObj__C)

.const:ti_sysbios_heaps_HeapMem_Object__count__C 
*          0    00001230    00000004     
                  00001230    00000004     app_ble_pem3.oem3 (.const:ti_sysbios_heaps_HeapMem_Object__count__C)

.const:ti_sysbios_heaps_HeapMem_Object__table__C 
*          0    00001234    00000004     
                  00001234    00000004     app_ble_pem3.oem3 (.const:ti_sysbios_heaps_HeapMem_Object__table__C)

.const:ti_sysbios_heaps_HeapMem_reqAlign__C 
*          0    00001238    00000004     
                  00001238    00000004     app_ble_pem3.oem3 (.const:ti_sysbios_heaps_HeapMem_reqAlign__C)

.const:ti_sysbios_knl_Clock_triggerClock__C 
*          0    0000123c    00000004     
                  0000123c    00000004     app_ble_pem3.oem3 (.const:ti_sysbios_knl_Clock_triggerClock__C)

.const:ti_sysbios_knl_Mailbox_Object__count__C 
*          0    00001240    00000004     
                  00001240    00000004     app_ble_pem3.oem3 (.const:ti_sysbios_knl_Mailbox_Object__count__C)

.const:ti_sysbios_knl_Mailbox_Object__table__C 
*          0    00001244    00000004     
                  00001244    00000004     app_ble_pem3.oem3 (.const:ti_sysbios_knl_Mailbox_Object__table__C)

.const:ti_sysbios_knl_Mailbox_maxTypeAlign__C 
*          0    00001248    00000004     
                  00001248    00000004     app_ble_pem3.oem3 (.const:ti_sysbios_knl_Mailbox_maxTypeAlign__C)

.const:ti_sysbios_knl_Queue_Object__count__C 
*          0    0000124c    00000004     
                  0000124c    00000004     app_ble_pem3.oem3 (.const:ti_sysbios_knl_Queue_Object__count__C)

.const:ti_sysbios_knl_Queue_Object__table__C 
*          0    00001250    00000004     
                  00001250    00000004     app_ble_pem3.oem3 (.const:ti_sysbios_knl_Queue_Object__table__C)

.const:ti_sysbios_knl_Semaphore_eventPost__C 
*          0    00001254    00000004     
                  00001254    00000004     app_ble_pem3.oem3 (.const:ti_sysbios_knl_Semaphore_eventPost__C)

.const:ti_sysbios_knl_Semaphore_eventSync__C 
*          0    00001258    00000004     
                  00001258    00000004     app_ble_pem3.oem3 (.const:ti_sysbios_knl_Semaphore_eventSync__C)

.const:ti_sysbios_knl_Swi_Object__count__C 
*          0    0000125c    00000004     
                  0000125c    00000004     app_ble_pem3.oem3 (.const:ti_sysbios_knl_Swi_Object__count__C)

.const:ti_sysbios_knl_Swi_Object__table__C 
*          0    00001260    00000004     
                  00001260    00000004     app_ble_pem3.oem3 (.const:ti_sysbios_knl_Swi_Object__table__C)

.const:ti_sysbios_knl_Swi_numPriorities__C 
*          0    00001264    00000004     
                  00001264    00000004     app_ble_pem3.oem3 (.const:ti_sysbios_knl_Swi_numPriorities__C)

.const:ti_sysbios_knl_Task_Object__count__C 
*          0    00001268    00000004     
                  00001268    00000004     app_ble_pem3.oem3 (.const:ti_sysbios_knl_Task_Object__count__C)

.const:ti_sysbios_knl_Task_Object__table__C 
*          0    0000126c    00000004     
                  0000126c    00000004     app_ble_pem3.oem3 (.const:ti_sysbios_knl_Task_Object__table__C)

.const:ti_sysbios_knl_Task_allBlockedFunc__C 
*          0    00001270    00000004     
                  00001270    00000004     app_ble_pem3.oem3 (.const:ti_sysbios_knl_Task_allBlockedFunc__C)

.const:ti_sysbios_knl_Task_defaultStackHeap__C 
*          0    00001274    00000004     
                  00001274    00000004     app_ble_pem3.oem3 (.const:ti_sysbios_knl_Task_defaultStackHeap__C)

.const:ti_sysbios_knl_Task_defaultStackSize__C 
*          0    00001278    00000004     
                  00001278    00000004     app_ble_pem3.oem3 (.const:ti_sysbios_knl_Task_defaultStackSize__C)

.const:ti_sysbios_knl_Task_numConstructedTasks__C 
*          0    0000127c    00000004     
                  0000127c    00000004     app_ble_pem3.oem3 (.const:ti_sysbios_knl_Task_numConstructedTasks__C)

.const:ti_sysbios_family_arm_cc26xx_Timer_Module__id__C 
*          0    00001280    00000002     
                  00001280    00000002     app_ble_pem3.oem3 (.const:ti_sysbios_family_arm_cc26xx_Timer_Module__id__C)

.const:ti_sysbios_family_arm_cc26xx_TimestampProvider_useClockTimer__C 
*          0    00001282    00000002     
                  00001282    00000002     app_ble_pem3.oem3 (.const:ti_sysbios_family_arm_cc26xx_TimestampProvider_useClockTimer__C)

.const:ti_sysbios_family_arm_m3_Hwi_Module__id__C 
*          0    00001284    00000002     
                  00001284    00000002     app_ble_pem3.oem3 (.const:ti_sysbios_family_arm_m3_Hwi_Module__id__C)

.const:ti_sysbios_gates_GateHwi_Module__id__C 
*          0    00001286    00000002     
                  00001286    00000002     app_ble_pem3.oem3 (.const:ti_sysbios_gates_GateHwi_Module__id__C)

.const:ti_sysbios_gates_GateMutex_Module__id__C 
*          0    00001288    00000002     
                  00001288    00000002     app_ble_pem3.oem3 (.const:ti_sysbios_gates_GateMutex_Module__id__C)

.const:ti_sysbios_heaps_HeapMem_Module__id__C 
*          0    0000128a    00000002     
                  0000128a    00000002     app_ble_pem3.oem3 (.const:ti_sysbios_heaps_HeapMem_Module__id__C)

.const:ti_sysbios_knl_Task_initStackFlag__C 
*          0    0000128c    00000002     
                  0000128c    00000002     app_ble_pem3.oem3 (.const:ti_sysbios_knl_Task_initStackFlag__C)

.const:ti_sysbios_knl_Clock_tickMode__C 
*          0    0000128e    00000001     
                  0000128e    00000001     app_ble_pem3.oem3 (.const:ti_sysbios_knl_Clock_tickMode__C)

.const:xdc_runtime_Startup_firstFxns__C 
*          0    00001290    00000008     
                  00001290    00000008     app_ble_pem3.oem3 (.const:xdc_runtime_Startup_firstFxns__C)

.const:xdc_runtime_Startup_lastFxns__C 
*          0    00001298    00000008     
                  00001298    00000008     app_ble_pem3.oem3 (.const:xdc_runtime_Startup_lastFxns__C)

.const:xdc_runtime_Assert_E_assertFailed__C 
*          0    000012a0    00000004     
                  000012a0    00000004     app_ble_pem3.oem3 (.const:xdc_runtime_Assert_E_assertFailed__C)

.const:xdc_runtime_Error_E_memory__C 
*          0    000012a4    00000004     
                  000012a4    00000004     app_ble_pem3.oem3 (.const:xdc_runtime_Error_E_memory__C)

.const:xdc_runtime_Error_policyFxn__C 
*          0    000012a8    00000004     
                  000012a8    00000004     app_ble_pem3.oem3 (.const:xdc_runtime_Error_policyFxn__C)

.const:xdc_runtime_Error_raiseHook__C 
*          0    000012ac    00000004     
                  000012ac    00000004     app_ble_pem3.oem3 (.const:xdc_runtime_Error_raiseHook__C)

.const:xdc_runtime_IGateProvider_Interface__BASE__C 
*          0    000012b0    00000004     
                  000012b0    00000004     app_ble_pem3.oem3 (.const:xdc_runtime_IGateProvider_Interface__BASE__C)

.const:xdc_runtime_IHeap_Interface__BASE__C 
*          0    000012b4    00000004     
                  000012b4    00000004     app_ble_pem3.oem3 (.const:xdc_runtime_IHeap_Interface__BASE__C)

.const:xdc_runtime_IModule_Interface__BASE__C 
*          0    000012b8    00000004     
                  000012b8    00000004     app_ble_pem3.oem3 (.const:xdc_runtime_IModule_Interface__BASE__C)

.const:xdc_runtime_Memory_defaultHeapInstance__C 
*          0    000012bc    00000004     
                  000012bc    00000004     app_ble_pem3.oem3 (.const:xdc_runtime_Memory_defaultHeapInstance__C)

.const:xdc_runtime_Startup_execImpl__C 
*          0    000012c0    00000004     
                  000012c0    00000004     app_ble_pem3.oem3 (.const:xdc_runtime_Startup_execImpl__C)

.const:xdc_runtime_Startup_maxPasses__C 
*          0    000012c4    00000004     
                  000012c4    00000004     app_ble_pem3.oem3 (.const:xdc_runtime_Startup_maxPasses__C)

.const:xdc_runtime_Startup_sfxnRts__C 
*          0    000012c8    00000004     
                  000012c8    00000004     app_ble_pem3.oem3 (.const:xdc_runtime_Startup_sfxnRts__C)

.const:xdc_runtime_Startup_sfxnTab__C 
*          0    000012cc    00000004     
                  000012cc    00000004     app_ble_pem3.oem3 (.const:xdc_runtime_Startup_sfxnTab__C)

.const:xdc_runtime_Startup_startModsFxn__C 
*          0    000012d0    00000004     
                  000012d0    00000004     app_ble_pem3.oem3 (.const:xdc_runtime_Startup_startModsFxn__C)

.const:xdc_runtime_SysCallback_abortFxn__C 
*          0    000012d4    00000004     
                  000012d4    00000004     app_ble_pem3.oem3 (.const:xdc_runtime_SysCallback_abortFxn__C)

.const:xdc_runtime_SysCallback_exitFxn__C 
*          0    000012d8    00000004     
                  000012d8    00000004     app_ble_pem3.oem3 (.const:xdc_runtime_SysCallback_exitFxn__C)

.const:xdc_runtime_System_abortFxn__C 
*          0    000012dc    00000004     
                  000012dc    00000004     app_ble_pem3.oem3 (.const:xdc_runtime_System_abortFxn__C)

.const:xdc_runtime_System_exitFxn__C 
*          0    000012e0    00000004     
                  000012e0    00000004     app_ble_pem3.oem3 (.const:xdc_runtime_System_exitFxn__C)

.const:xdc_runtime_System_maxAtexitHandlers__C 
*          0    000012e4    00000004     
                  000012e4    00000004     app_ble_pem3.oem3 (.const:xdc_runtime_System_maxAtexitHandlers__C)

.const:xdc_runtime_Text_charTab__C 
*          0    000012e8    00000004     
                  000012e8    00000004     app_ble_pem3.oem3 (.const:xdc_runtime_Text_charTab__C)

.const:xdc_runtime_Text_nameEmpty__C 
*          0    000012ec    00000004     
                  000012ec    00000004     app_ble_pem3.oem3 (.const:xdc_runtime_Text_nameEmpty__C)

.const:xdc_runtime_Text_nameStatic__C 
*          0    000012f0    00000004     
                  000012f0    00000004     app_ble_pem3.oem3 (.const:xdc_runtime_Text_nameStatic__C)

.const:xdc_runtime_Text_nameUnknown__C 
*          0    000012f4    00000004     
                  000012f4    00000004     app_ble_pem3.oem3 (.const:xdc_runtime_Text_nameUnknown__C)

.const:xdc_runtime_Error_maxDepth__C 
*          0    000012f8    00000002     
                  000012f8    00000002     app_ble_pem3.oem3 (.const:xdc_runtime_Error_maxDepth__C)

.const:xdc_runtime_Memory_Module__id__C 
*          0    000012fa    00000002     
                  000012fa    00000002     app_ble_pem3.oem3 (.const:xdc_runtime_Memory_Module__id__C)

.const:xdc_runtime_Text_charCnt__C 
*          0    000012fc    00000002     
                  000012fc    00000002     app_ble_pem3.oem3 (.const:xdc_runtime_Text_charCnt__C)

.const:xdc_runtime_Text_isLoaded__C 
*          0    000012fe    00000002     
                  000012fe    00000002     app_ble_pem3.oem3 (.const:xdc_runtime_Text_isLoaded__C)

.const:xdc_runtime_Error_policy__C 
*          0    00001300    00000001     
                  00001300    00000001     app_ble_pem3.oem3 (.const:xdc_runtime_Error_policy__C)

.const:ti_sysbios_rom_ROM_ti_sysbios_family_arm_cc26xx_Timer_getCount64__E 
*          0    00001304    00000004     
                  00001304    00000004     app_ble_pem3.oem3 (.const:ti_sysbios_rom_ROM_ti_sysbios_family_arm_cc26xx_Timer_getCount64__E)

.const:ti_sysbios_rom_ROM_ti_sysbios_family_arm_cc26xx_Timer_getCurrentTick__E 
*          0    00001308    00000004     
                  00001308    00000004     app_ble_pem3.oem3 (.const:ti_sysbios_rom_ROM_ti_sysbios_family_arm_cc26xx_Timer_getCurrentTick__E)

.const:ti_sysbios_rom_ROM_ti_sysbios_family_arm_cc26xx_Timer_getMaxTicks__E 
*          0    0000130c    00000004     
                  0000130c    00000004     app_ble_pem3.oem3 (.const:ti_sysbios_rom_ROM_ti_sysbios_family_arm_cc26xx_Timer_getMaxTicks__E)

.const:ti_sysbios_rom_ROM_ti_sysbios_family_arm_cc26xx_Timer_initDevice__I 
*          0    00001310    00000004     
                  00001310    00000004     app_ble_pem3.oem3 (.const:ti_sysbios_rom_ROM_ti_sysbios_family_arm_cc26xx_Timer_initDevice__I)

.const:ti_sysbios_rom_ROM_ti_sysbios_family_arm_cc26xx_Timer_setNextTick__E 
*          0    00001314    00000004     
                  00001314    00000004     app_ble_pem3.oem3 (.const:ti_sysbios_rom_ROM_ti_sysbios_family_arm_cc26xx_Timer_setNextTick__E)

.const:ti_sysbios_rom_ROM_ti_sysbios_family_arm_cc26xx_Timer_setThreshold__I 
*          0    00001318    00000004     
                  00001318    00000004     app_ble_pem3.oem3 (.const:ti_sysbios_rom_ROM_ti_sysbios_family_arm_cc26xx_Timer_setThreshold__I)

.const:ti_sysbios_rom_ROM_ti_sysbios_family_arm_cc26xx_Timer_start__E 
*          0    0000131c    00000004     
                  0000131c    00000004     app_ble_pem3.oem3 (.const:ti_sysbios_rom_ROM_ti_sysbios_family_arm_cc26xx_Timer_start__E)

.const:ti_sysbios_rom_ROM_ti_sysbios_family_arm_cc26xx_TimestampProvider_get32__E 
*          0    00001320    00000004     
                  00001320    00000004     app_ble_pem3.oem3 (.const:ti_sysbios_rom_ROM_ti_sysbios_family_arm_cc26xx_TimestampProvider_get32__E)

.const:ti_sysbios_rom_ROM_xdc_runtime_Startup_getState__I 
*          0    00001324    00000004     
                  00001324    00000004     app_ble_pem3.oem3 (.const:ti_sysbios_rom_ROM_xdc_runtime_Startup_getState__I)

.const:ti_sysbios_rom_ROM_xdc_runtime_System_SupportProxy_abort__E 
*          0    00001328    00000004     
                  00001328    00000004     app_ble_pem3.oem3 (.const:ti_sysbios_rom_ROM_xdc_runtime_System_SupportProxy_abort__E)

.const:ti_sysbios_rom_ROM_xdc_runtime_System_SupportProxy_exit__E 
*          0    0000132c    00000004     
                  0000132c    00000004     app_ble_pem3.oem3 (.const:ti_sysbios_rom_ROM_xdc_runtime_System_SupportProxy_exit__E)

.text.2    0    00001330    00014f5c     
                  00001330    000007b8     cc2640_ll_xcxx.a : ble.o (.text)
                  00001ae8    000005cc     spp_ble_client.obj (.text:SPPBLEClient_taskFxn$1)
                  000020b4    00000538     cc2640_ll_xcxx.a : ll_master_end_causes.o (.text)
                  000025ec    0000051c     spp_ble_client.obj (.text:SPPBLEClient_processStackMsg$1)
                  00002b08    00000494     ble5_spp_ble_client_cc2640r2lp_stack_library.lib : gapbondmgr.obj (.text:GAPBondMgr_ProcessEvent)
                  00002f9c    000003b0     cc2640_ll_xcxx.a : ll_init_end_causes.o (.text)
                  0000334c    00000378                      : ll_scheduler.o (.text)
                  000036c4    00000350                      : ll_isr.o (.text)
                  00003a14    00000344     RFCC26XX_singleMode.obj (.text:fsmActiveState$4)
                  00003d58    00000314     drivers_cc26x0r2.aem3 : PowerCC26XX_calibrateRCOSC.oem3 (.text:PowerCC26XX_auxISR)
                  0000406c    000002e0     cc2640_ll_xcxx.a : ll_isr.o (.text)
                  0000434c    000002c8                      : ll.o (.text)
                  00004614    000002bc     ble5_spp_ble_client_cc2640r2lp_stack_library.lib : icall_startup.obj (.text:startup_entry)
                  000048d0    000002ac                                                      : gapbondmgr.obj (.text:GAPBondMgr_SetParameter)
                  00004b7c    00000298     spp_ble_client.obj (.text:SPPBLEClient_processGATTDiscEvent$1)
                  00004e14    00000284     spp_ble_client.obj (.text:SPPBLEClient_init$1)
                  00005098    00000260     cc2640_ll_xcxx.a : ll.o (.text)
                  000052f8    0000024c     cc26xx_profiles_xcxx.a : gapgattserver.o (.text)
                  00005544    0000024c     drivers_cc26x0r2.aem3 : CryptoCC26XX.oem3 (.text:cryptoTransactionExecute)
                  00005790    0000021c                           : PowerCC26XX.oem3 (.text:Power_sleep)
                  000059ac    00000210     driverlib.lib : sys_ctrl.obj (.text:NOROM_SysCtrlSetRechargeBeforePowerDown)
                  00005bbc    00000204     cc26xx_sm_xcxx.a : sm_pairing.o (.text)
                  00005dc0    000001f8     cc2640_ll_xcxx.a : ll_common.o (.text)
                  00005fb8    000001f8     cc26xx_profiles_xcxx.a : gattservapp.o (.text)
                  000061b0    000001f4     rtsv7M3_T_le_eabi.lib : ull_div_t2.obj (.text)
                  000063a4    000001f0     cc2640_ll_xcxx.a : ll_common.o (.text)
                  00006594    000001e8                      : ll_common.o (.text)
                  0000677c    000001dc     drivers_cc26x0r2.aem3 : SPICC26XXDMA.oem3 (.text:SPICC26XXDMA_transfer)
                  00006958    000001dc     cc2640_ll_xcxx.a : ll_common.o (.text)
                  00006b34    000001dc     RFCC26XX_singleMode.obj (.text:fsmSetupState$4)
                  00006d10    000001d8     cc2640_ll_xcxx.a : ll_master_end_causes.o (.text)
                  00006ee8    000001d0     ble5_spp_ble_client_cc2640r2lp_stack_library.lib : gapbondmgr.obj (.text:gapBondMgrAddBond$33)
                  000070b8    000001c4     cc2640_ll_xcxx.a : ll_isr.o (.text)
                  0000727c    000001c0     cc26xx_sm_xcxx.a : sm_intpairing.o (.text)
                  0000743c    000001c0     ble5_spp_ble_client_cc2640r2lp_stack_library.lib : osal.obj (.text:osal_start_system)
                  000075fc    000001b4     drivers_cc26x0r2.aem3 : PINCC26XX.oem3 (.text:PIN_init)
                  000077b0    000001a8     RFCC26XX_singleMode.obj (.text:RF_postCmd)
                  00007958    000001a4     cc2640_ll_xcxx.a : ll.o (.text)
                  00007afc    00000198     drivers_cc26x0r2.aem3 : PowerCC26XX_calibrateRCOSC.oem3 (.text:PowerCC26XX_doCalibrate)
                  00007c94    00000194     icall.obj (.text:icall_directAPI)
                  00007e28    00000190     ECCROMCC26XX.obj (.text:ECCROMCC26XX_genDHKey)
                  00007fb8    00000190     drivers_cc26x0r2.aem3 : UARTCC26XX.oem3 (.text:UARTCC26XX_open)
                  00008148    00000190     cc2640_ll_xcxx.a : ll_common.o (.text)
                  000082d8    00000190     ble5_spp_ble_client_cc2640r2lp_stack_library.lib : gapbondmgr.obj (.text:gapBondMgrAuthenticate$33)
                  00008468    00000180     cc2640_ll_xcxx.a : ll_master_end_causes.o (.text)
                  000085e8    0000017c     RFCC26XX_singleMode.obj (.text:abortCmd$4)
                  00008764    00000170     cc26xx_gatt_xcxx.a : gatt_client.o (.text)
                  000088d4    00000164     cc2640_ll_xcxx.a : ll.o (.text)
                  00008a38    00000160     cc26xx_gatt_xcxx.a : gatt_client.o (.text)
                  00008b98    00000158     drivers_cc26x0r2.aem3 : SPICC26XXDMA.oem3 (.text:SPICC26XXDMA_initIO)
                  00008cf0    00000150     cc26xx_sm_xcxx.a : sm_intpairing.o (.text)
                  00008e40    0000014c     cc26xx_gap_xcxx.a : gap_linkmgr.o (.text)
                  00008f8c    00000148     drivers_cc26x0r2.aem3 : SPICC26XXDMA.oem3 (.text:SPICC26XXDMA_open)
                  000090d4    00000144     cc2640_ll_xcxx.a : ll_common.o (.text)
                  00009218    00000138                      : ll.o (.text)
                  00009350    00000134     drivers_cc26x0r2.aem3 : PowerCC26XX.oem3 (.text:Power_init)
                  00009484    00000130     ble5_spp_ble_client_cc2640r2lp_stack_library.lib : gapbondmgr.obj (.text:gapBondMgrEraseBonding$33)
                  000095b4    00000128     ECCROMCC26XX.obj (.text:ECCROMCC26XX_genKeys)
                  000096dc    00000128     cc2640_ll_xcxx.a : ll_scheduler.o (.text)
                  00009804    00000128     main.obj (.text:main)
                  0000992c    0000011c     ble5_spp_ble_client_cc2640r2lp_stack_library.lib : osal_snv_wrapper.obj (.text:compactPage$30)
                  00009a48    00000118     drivers_cc26x0r2.aem3 : UARTCC26XX.oem3 (.text:UARTCC26XX_read)
                  00009b60    00000114     sdi_task.obj (.text:SDITask_process$13)
                  00009c74    00000114     cc2640_ll_xcxx.a : ll.o (.text)
                  00009d88    00000110     RFCC26XX_singleMode.obj (.text:fsmPowerUpState$4)
                  00009e98    00000110     RFCC26XX_singleMode.obj (.text:rf_init$4)
                  00009fa8    0000010c     RFCC26XX_singleMode.obj (.text:hwiFxnCpe0Active$4)
                  0000a0b4    0000010a     drivers_cc26x0r2.aem3 : UARTCC26XX.oem3 (.text:UARTCC26XX_hwiIntFxn)
                  0000a1be    00000002     ble_user_config.obj (.text:DefaultAssertCback)
                  0000a1c0    00000104     cc26xx_gap_xcxx.a : gap_centdevmgr.o (.text)
                  0000a2c4    00000100     ble5_spp_ble_client_cc2640r2lp_stack_library.lib : gapbondmgr.obj (.text:GAPBondMgr_LinkEst)
                  0000a3c4    00000100     cc2640_ll_xcxx.a : ll.o (.text)
                  0000a4c4    00000100                      : ll_scan_end_causes.o (.text)
                  0000a5c4    000000fc     drivers_cc26x0r2.aem3 : UARTCC26XX.oem3 (.text:UARTCC26XX_write)
                  0000a6c0    000000fc     cc26xx_gap_xcxx.a : gap_centlinkmgr.o (.text)
                  0000a7bc    000000f8     drivers_cc26x0r2.aem3 : CryptoCC26XX.oem3 (.text:CryptoCC26XX_open)
                  0000a8b4    000000f8     cc2640_ll_xcxx.a : ll_common.o (.text)
                  0000a9ac    000000f8     ble5_spp_ble_client_cc2640r2lp_stack_library.lib : osal_snv_wrapper.obj (.text:osal_snv_write)
                  0000aaa4    000000f8     RFCC26XX_singleMode.obj (.text:radioOpDoneCb$4)
                  0000ab9c    000000f4     cc26xx_sm_xcxx.a : sm_task.o (.text)
                  0000ac90    000000f0     cc2640_ll_xcxx.a : ll.o (.text)
                  0000ad80    000000f0     central.obj (.text:gapCentralRole_ProcessGAPMsg$11)
                  0000ae70    000000ec     cc26xx_gap_xcxx.a : gap_linkmgr.o (.text)
                  0000af5c    000000ec     ble5_spp_ble_client_cc2640r2lp_stack_library.lib : osal_timers.obj (.text:osalTimerUpdate)
                  0000b048    000000e4     cc26xx_gatt_xcxx.a : gatt_client.o (.text)
                  0000b12c    000000e4     cc26xx_sm_xcxx.a : sm_intpairing.o (.text)
                  0000b210    000000e0     drivers_cc26x0r2.aem3 : SPICC26XXDMA.oem3 (.text:SPICC26XXDMA_transferCancel)
                  0000b2f0    000000e0     cc2640_hci_xcxx.a : hci_event.o (.text)
                  0000b3d0    000000e0     cc2640_ll_xcxx.a : ll.o (.text)
                  0000b4b0    000000e0                      : ll.o (.text)
                  0000b590    000000dc     drivers_cc26x0r2.aem3 : PINCC26XX.oem3 (.text:PINCC26XX_setIoCfg)
                  0000b66c    000000dc     sdi_task.obj (.text:SDITask_inititializeTask$13)
                  0000b748    000000d8     cc26xx_gap_xcxx.a : gap_centdevmgr.o (.text)
                  0000b820    000000d4     dpl_cc26x0r2.aem3 : PowerCC26XX_tirtos.oem3 (.text:PowerCC26XX_standbyPolicy)
                  0000b8f4    000000d4     central.obj (.text:gapCentralRole_taskFxn$11)
                  0000b9c8    000000d0     cc2640_ll_xcxx.a : ll_scan_end_causes.o (.text)
                  0000ba98    000000ce     cc26xx_sm_xcxx.a : sm_pairing.o (.text)
                  0000bb66    000000c6     cc2640_ll_xcxx.a : ll.o (.text)
                  0000bc2c    000000c4     RFCC26XX_singleMode.obj (.text:RF_open)
                  0000bcf0    000000c4     cc2640_ll_xcxx.a : ll_common.o (.text)
                  0000bdb4    000000c0     ble5_spp_ble_client_cc2640r2lp_stack_library.lib : osal.obj (.text:osal_set_event)
                  0000be74    000000bc     drivers_cc26x0r2.aem3 : GPTimerCC26XX.oem3 (.text:GPTimerCC26XX_open)
                  0000bf30    000000bc                           : PowerCC26XX.oem3 (.text:Power_releaseDependency)
                  0000bfec    000000bc     cc2640_hci_xcxx.a : hci_event.o (.text)
                  0000c0a8    000000bc     cc2640_ll_xcxx.a : ll_scheduler.o (.text)
                  0000c164    000000b8     driverlib.lib : setup.obj (.text:NOROM_SetupTrimDevice)
                  0000c21c    000000b4     drivers_cc26x0r2.aem3 : PowerCC26XX.oem3 (.text:Power_setDependency)
                  0000c2d0    000000b4     cc2640_ll_xcxx.a : ll_common.o (.text)
                  0000c384    000000b0     TRNGCC26XX.obj (.text:TRNGCC26XX_getNumber)
                  0000c434    000000b0     drivers_cc26x0r2.aem3 : UARTCC26XX.oem3 (.text:UARTCC26XX_initHw)
                  0000c4e4    000000b0     cc26xx_gap_xcxx.a : gap_linkmgr.o (.text)
                  0000c594    000000ac     cc2640_ll_xcxx.a : ll.o (.text)
                  0000c640    000000a8                      : ll.o (.text)
                  0000c6e8    000000a8                      : ll.o (.text)
                  0000c790    000000a6     drivers_cc26x0r2.aem3 : SPICC26XXDMA.oem3 (.text:SPICC26XXDMA_hwiFxn)
                  0000c836    00000002     ble5_spp_ble_client_cc2640r2lp_stack_library.lib : onboard.obj (.text:Onboard_soft_reset)
                  0000c838    000000a4                                                      : gapbondmgr.obj (.text:GAPBondMgr_ResolveAddr)
                  0000c8dc    000000a4     cc2640_ll_xcxx.a : ble.o (.text)
                  0000c980    000000a4     cc26xx_gatt_xcxx.a : gatt_client.o (.text)
                  0000ca24    000000a4     cc26xx_sm_xcxx.a : sm_intpairing.o (.text)
                  0000cac8    000000a4     ble5_spp_ble_client_cc2640r2lp_stack_library.lib : osal.obj (.text:osal_msg_enqueue_push$25)
                  0000cb6c    000000a2     cc2640_ll_xcxx.a : ll_common.o (.text)
                  0000cc0e    00000002     ble5_spp_ble_client_cc2640r2lp_stack_library.lib : sm_ecc.obj (.text:SM_dhKeyCB)
                  0000cc10    000000a0     sdi_tl_uart.obj (.text:SDITLUART_readCallBack$15)
                  0000ccb0    000000a0     auto_init.aem3 : auto_init.oem3 (.text)
                  0000cd50    000000a0     cc2640_hci_xcxx.a : hci_event.o (.text)
                  0000cdf0    000000a0     cc2640_ll_xcxx.a : ll.o (.text)
                  0000ce90    000000a0     ble5_spp_ble_client_cc2640r2lp_stack_library.lib : gapbondmgr.obj (.text:gapBondMgr_gapIdle$33)
                  0000cf30    0000009e                                                      : gapbondmgr.obj (.text:gapBondMgrUpdateCharCfg$33)
                  0000cfce    00000002                                                      : sm_ecc.obj (.text:SM_p256KeyCB)
                  0000cfd0    0000009c     spp_ble_client.obj (.text:FSPI_init$1)
                  0000d06c    0000009c     ble5_spp_ble_client_cc2640r2lp_stack_library.lib : osal_cbtimer.obj (.text:cbTimerSetup$27)
                  0000d108    0000009c     cc2640_ll_xcxx.a : ll.o (.text)
                  0000d1a4    0000009c     rtsv7M3_T_le_eabi.lib : memcpy_t2.obj (.text)
                  0000d240    00000098     spp_ble_client.obj (.text:GPTimer_init$1)
                  0000d2d8    00000098     drivers_cc26x0r2.aem3 : PINCC26XX.oem3 (.text:PIN_open)
                  0000d370    00000098                           : UARTCC26XX.oem3 (.text:UARTCC26XX_initIO)
                  0000d408    00000098     cc2640_ll_xcxx.a : ll.o (.text)
                  0000d4a0    00000098                      : ll_scheduler.o (.text)
                  0000d538    00000098     rom_sysbios.aem3 : rom_sysbios.obj (.text:ti_sysbios_knl_Clock_workFuncDynamic__E)
                  0000d5d0    00000094     icall.obj (.text:ICall_setTimer)
                  0000d664    00000094     cc2640_ll_xcxx.a : ll_common.o (.text)
                  0000d6f8    00000094                      : ll_enc.o (.text)
                  0000d78c    00000094     cc26xx_gatt_xcxx.a : gatt_client.o (.text)
                  0000d820    00000094     cc26xx_sm_xcxx.a : sm_pairing.o (.text)
                  0000d8b4    00000094     ble5_spp_ble_client_cc2640r2lp_stack_library.lib : osal_cbtimer.obj (.text:osal_CbTimerProcessEvent)
                  0000d948    00000094                                                      : osal.obj (.text:osal_msg_receive)
                  0000d9dc    00000094                                                      : osal_timers.obj (.text:osal_timer_refTimeUpdate)
                  0000da70    00000094     drivers_cc26x0r2.aem3 : UARTCC26XX.oem3 (.text:writeFinishedDoCallback)
                  0000db04    00000090     driverlib.lib : crypto.obj (.text:NOROM_CRYPTOAesLoadKey)
                  0000db94    00000090     drivers_cc26x0r2.aem3 : SPICC26XXDMA.oem3 (.text:SPICC26XXDMA_control)
                  0000dc24    00000090     driverlib.lib : setup.obj (.text:TrimAfterColdResetWakeupFromShutDown$20)
                  0000dcb4    00000090     cc2640_ll_xcxx.a : ll_common.o (.text)
                  0000dd44    00000090     cc26xx_hci_tl_none.a : hci_tl.o (.text)
                  0000ddd4    0000008c     sdi_tl.obj (.text:SDITL_writeTL)
                  0000de60    0000008c     drivers_cc26x0r2.aem3 : UARTCC26XX.oem3 (.text:UARTCC26XX_close)
                  0000deec    0000008c                           : UARTCC26XX.oem3 (.text:UARTCC26XX_writeCancel)
                  0000df78    0000008c     cc2640_ll_xcxx.a : ll_enc.o (.text)
                  0000e004    0000008c                      : ll_scan_end_causes.o (.text)
                  0000e090    0000008c     cc26xx_sm_xcxx.a : sm_intpairing.o (.text)
                  0000e11c    0000008c     drivers_cc26x0r2.aem3 : PowerCC26XX.oem3 (.text:disableLFClockQualifiers)
                  0000e1a8    00000088     cc2640_hci_xcxx.a : hci_event.o (.text)
                  0000e230    00000088     cc2640_ll_xcxx.a : ll_common.o (.text)
                  0000e2b8    00000088                      : ll_common.o (.text)
                  0000e340    00000088     cc26xx_gatt_xcxx.a : gatt_client.o (.text)
                  0000e3c8    00000084     icall.obj (.text:ICall_heapMalloc)
                  0000e44c    00000084     cc2640_ll_xcxx.a : ll.o (.text)
                  0000e4d0    00000084     cc26xx_gatt_xcxx.a : gatt_client.o (.text)
                  0000e554    00000084     drivers_cc26x0r2.aem3 : PowerCC26XX.oem3 (.text:switchXOSCHFclockFunc)
                  0000e5d8    00000084     spp_ble_client.obj (.text:transferCallback$1)
                  0000e65c    00000082     cc2640_ll_xcxx.a : ll.o (.text)
                  0000e6de    00000002     RFCC26XX_singleMode.obj (.text:defaultErrCb$4)
                  0000e6e0    00000080     RFCC26XX_singleMode.obj (.text:RF_pendCmd)
                  0000e760    00000080     cc2640_ll_xcxx.a : ll.o (.text)
                  0000e7e0    00000080     cc26xx_gatt_xcxx.a : gatt_client.o (.text)
                  0000e860    0000007c     cc2640_ll_xcxx.a : ll_common.o (.text)
                  0000e8dc    0000007c                      : ll_init_end_causes.o (.text)
                  0000e958    0000007c     cc26xx_gap_xcxx.a : gap_linkmgr.o (.text)
                  0000e9d4    0000007c     cc26xx_gatt_xcxx.a : gatt_client.o (.text)
                  0000ea50    0000007c     ble5_spp_ble_client_cc2640r2lp_stack_library.lib : osal.obj (.text:osal_event_send$25)
                  0000eacc    0000007c     RFCC26XX_singleMode.obj (.text:swiFxnHw$4)
                  0000eb48    0000007a     drivers_cc26x0r2.aem3 : CryptoCC26XX.oem3 (.text:CryptoCC26XX_allocateKey)
                  0000ebc2    0000007a     rtsv7M3_T_le_eabi.lib : memset_t2.obj (.text)
                  0000ec3c    00000078     ble5_spp_ble_client_cc2640r2lp_stack_library.lib : gapbondmgr.obj (.text:GAPBondMgr_SlaveReqSecurity)
                  0000ecb4    00000078     cc2640_ll_xcxx.a : ll_common.o (.text)
                  0000ed2c    00000078                      : ll_enc.o (.text)
                  0000eda4    00000078                      : ll_scheduler.o (.text)
                  0000ee1c    00000078     cc26xx_profiles_xcxx.a : gattservapp.o (.text)
                  0000ee94    00000078     drivers_cc26x0r2.aem3 : UARTCC26XX.oem3 (.text:writeTxFifoFlush)
                  0000ef0c    00000076     cc2640_ll_xcxx.a : ll_common.o (.text)
                  0000ef82    00000076                      : ll_common.o (.text)
                  0000eff8    00000074     sdi_task.obj (.text:SDITask_transportRXCallBack$13)
                  0000f06c    00000074     cc2640_ll_xcxx.a : ll_common.o (.text)
                  0000f0e0    00000074                      : ll_common.o (.text)
                  0000f154    00000074                      : ll_common.o (.text)
                  0000f1c8    00000074     cc26xx_gap_xcxx.a : gap_centdevmgr.o (.text)
                  0000f23c    00000074     rom_sysbios.aem3 : rom_sysbios.obj (.text:ti_sysbios_family_arm_cc26xx_Timer_start__E)
                  0000f2b0    00000070     ble5_spp_ble_client_cc2640r2lp_stack_library.lib : ble_dispatch_lite.obj (.text:ble_dispatch_liteProcess)
                  0000f320    00000070     cc2640_ll_xcxx.a : ll.o (.text)
                  0000f390    00000070     cc26xx_profiles_xcxx.a : gapgattserver.o (.text)
                  0000f400    00000070     cc26xx_sm_xcxx.a : sm_intpairing.o (.text)
                  0000f470    00000070     ble5_spp_ble_client_cc2640r2lp_stack_library.lib : osal_snv_wrapper.obj (.text:writeWord$30)
                  0000f4e0    0000006c     icall.obj (.text:ICall_createRemoteTasks)
                  0000f54c    0000006c     icall.obj (.text:ICall_send)
                  0000f5b8    0000006c     driverlib.lib : osc.obj (.text:NOROM_OSCHF_AttemptToSwitchToXosc)
                  0000f624    0000006c     drivers_cc26x0r2.aem3 : PowerCC26XX.oem3 (.text:PowerCC26XX_calibrate)
                  0000f690    0000006c                           : PowerCC26XX_calibrateRCOSC.oem3 (.text:PowerCC26XX_initiateCalibration)
                  0000f6fc    0000006c                           : UDMACC26XX.oem3 (.text:UDMACC26XX_open)
                  0000f768    0000006c     cc2640_ll_xcxx.a : ble.o (.text)
                  0000f7d4    0000006c                      : ll.o (.text)
                  0000f840    0000006c                      : ll_common.o (.text)
                  0000f8ac    0000006c     cc26xx_gap_xcxx.a : gap_centdevmgr.o (.text)
                  0000f918    0000006c     cc26xx_gatt_xcxx.a : gatt_client.o (.text)
                  0000f984    0000006c                        : gatt_client.o (.text)
                  0000f9f0    0000006c                        : gatt_client.o (.text)
                  0000fa5c    0000006c     cc26xx_sm_xcxx.a : sm_intpairing.o (.text)
                  0000fac8    00000068     driverlib.lib : sys_ctrl.obj (.text:NOROM_SysCtrl_DCDC_VoltageConditionalControl)
                  0000fb30    00000068     sdi_task.obj (.text:SDITask_sendToUART)
                  0000fb98    00000068     drivers_cc26x0r2.aem3 : UARTCC26XX.oem3 (.text:UARTCC26XX_readCancel)
                  0000fc00    00000068     cc2640_ll_xcxx.a : ll.o (.text)
                  0000fc68    00000068                      : ll.o (.text)
                  0000fcd0    00000068                      : ll.o (.text)
                  0000fd38    00000068                      : ll.o (.text)
                  0000fda0    00000068                      : ll_common.o (.text)
                  0000fe08    00000068                      : ll_privacy.o (.text)
                  0000fe70    00000068                      : ll_privacy.o (.text)
                  0000fed8    00000068     drivers_cc26x0r2.aem3 : PowerCC26XX.oem3 (.text:configureXOSCHF)
                  0000ff40    00000068     RFCC26XX_singleMode.obj (.text:decActiveClientCnt$4)
                  0000ffa8    00000068     rtsv7M3_T_le_eabi.lib : copy_decompress_lzss.obj (.text:decompress:lzss)
                  00010010    00000068     ble5_spp_ble_client_cc2640r2lp_stack_library.lib : osal_cbtimer.obj (.text:osal_CbTimerUpdate)
                  00010078    00000066     cc2640_ll_xcxx.a : ll_common.o (.text)
                  000100de    00000066                      : ll_common.o (.text)
                  00010144    00000066                      : ll_common.o (.text)
                  000101aa    00000066                      : ll_privacy.o (.text)
                  00010210    00000064     icall.obj (.text:ICall_sendServiceComplete)
                  00010274    00000064     drivers_cc26x0r2.aem3 : PINCC26XX.oem3 (.text:PIN_add)
                  000102d8    00000064     cc26xx_profiles_xcxx.a : gattservapp.o (.text)
                  0001033c    00000064     RFCC26XX_singleMode.obj (.text:fsmXOSCState$4)
                  000103a0    00000062     cc2640_ll_xcxx.a : ll_common.o (.text)
                  00010402    00000062                      : ll_common.o (.text)
                  00010464    00000062                      : ll_privacy.o (.text)
                  000104c6    00000062     ble5_spp_ble_client_cc2640r2lp_stack_library.lib : gapbondmgr.obj (.text:gapBondMgrBondReq$33)
                  00010528    00000060     icall.obj (.text:ICall_enrollService)
                  00010588    00000060     RFCC26XX_singleMode.obj (.text:RF_getCurrentTime)
                  000105e8    00000060     cc2640_ll_xcxx.a : ll_common.o (.text)
                  00010648    00000060     cc26xx_sm_xcxx.a : sm_intpairing.o (.text)
                  000106a8    0000005e     icall.obj (.text:ICall_fetchMsg)
                  00010706    0000005e     cc2640_ll_xcxx.a : ll_common.o (.text)
                  00010764    0000005e     cc26xx_gap_xcxx.a : gap_centlinkmgr.o (.text)
                  000107c2    0000005e     cc26xx_gatt_xcxx.a : gatt_client.o (.text)
                  00010820    0000005c     board_key.obj (.text:Board_initKeys)
                  0001087c    0000005c     drivers_cc26x0r2.aem3 : GPTimerCC26XX.oem3 (.text:GPTimerCC26XX_registerInterrupt)
                  000108d8    0000005c     icall.obj (.text:ICall_pwrUpdActivityCounter)
                  00010934    0000005c     drivers_cc26x0r2.aem3 : PowerCC26XX_calibrateRCOSC.oem3 (.text:PowerCC26XX_RCOSC_clockFunc)
                  00010990    0000005c     cc2640_ll_xcxx.a : ll_common.o (.text)
                  000109ec    0000005c                      : ll_common.o (.text)
                  00010a48    0000005c     cc26xx_gatt_xcxx.a : gatt_client.o (.text)
                  00010aa4    0000005c     cc26xx_profiles_xcxx.a : gattservapp.o (.text)
                  00010b00    0000005c     spp_ble_client.obj (.text:convInt32ToText)
                  00010b5c    0000005c     app_ble_pem3.oem3 (.text:xdc_runtime_Startup_getState__I)
                  00010bb8    0000005a     drivers_cc26x0r2.aem3 : SPICC26XXDMA.oem3 (.text:SPICC26XXDMA_close)
                  00010c12    0000005a     cc2640_hci_xcxx.a : hci.o (.text)
                  00010c6c    00000058     drivers_cc26x0r2.aem3 : GPTimerCC26XX.oem3 (.text:GPTimerCC26XXHwiFxn)
                  00010cc4    00000058                           : GPTimerCC26XX.oem3 (.text:GPTimerCC26XX_stop)
                  00010d1c    00000058     icall.obj (.text:ICall_wait)
                  00010d74    00000058     drivers_cc26x0r2.aem3 : PINCC26XX.oem3 (.text:PIN_remove)
                  00010dcc    00000058                           : UARTCC26XX.oem3 (.text:UARTCC26XX_control)
                  00010e24    00000058     cc2640_ll_xcxx.a : ll_common.o (.text)
                  00010e7c    00000058                      : ll_enc.o (.text)
                  00010ed4    00000058     cc26xx_gap_xcxx.a : gap_centdevmgr.o (.text)
                  00010f2c    00000058                       : linkdb.o (.text)
                  00010f84    00000058     cc26xx_sm_xcxx.a : sm_intpairing.o (.text)
                  00010fdc    00000058                      : sm_intpairing.o (.text)
                  00011034    00000058     ble5_spp_ble_client_cc2640r2lp_stack_library.lib : osal_snv_wrapper.obj (.text:findItem$30)
                  0001108c    00000058                                                      : gapbondmgr.obj (.text:gapBondMgrChangeState$33)
                  000110e4    00000058                                                      : gapbondmgr.obj (.text:gapBondMgrReadBonds$33)
                  0001113c    00000058                                                      : osal_cbtimer.obj (.text:osal_CbTimerStop)
                  00011194    00000056     cc2640_ll_xcxx.a : ll_common.o (.text)
                  000111ea    00000056     cc26xx_sm_xcxx.a : sm_intpairing.o (.text)
                  00011240    00000054     ble5_spp_ble_client_cc2640r2lp_stack_library.lib : gapbondmgr.obj (.text:GAPBondMgr_LinkTerm)
                  00011294    00000054     drivers_cc26x0r2.aem3 : SPICC26XXDMA.oem3 (.text:SPICC26XXDMA_initHw)
                  000112e8    00000054     cc2640_hci_xcxx.a : hci_event.o (.text)
                  0001133c    00000054     cc2640_ll_xcxx.a : ll.o (.text)
                  00011390    00000054                      : ll_common.o (.text)
                  000113e4    00000054     cc26xx_gatt_xcxx.a : gatt_client.o (.text)
                  00011438    00000054     RFCC26XX_singleMode.obj (.text:hwiFxnHw$4)
                  0001148c    00000054     RFCC26XX_singleMode.obj (.text:ratChanFree$4)
                  000114e0    00000054     rtsv7M3_T_le_eabi.lib : exit.obj (.text)
                  00011534    00000052     ble5_spp_ble_client_cc2640r2lp_stack_library.lib : gap.obj (.text:GAP_DeviceInit)
                  00011586    00000052     cc2640_ll_xcxx.a : ll.o (.text)
                  000115d8    00000052                      : ll_common.o (.text)
                  0001162a    00000052                      : ll_common.o (.text)
                  0001167c    00000050     ECCROMCC26XX.obj (.text:ECCROMCC26XX_Params_init)
                  000116cc    00000050     icall.obj (.text:ICall_registerApp)
                  0001171c    00000050     ble5_spp_ble_client_cc2640r2lp_stack_library.lib : npi.obj (.text:NPI_WriteTransport)
                  0001176c    00000050     RFCC26XX_singleMode.obj (.text:RF_getInfo)
                  000117bc    00000050     drivers_cc26x0r2.aem3 : SPICC26XXDMA.oem3 (.text:SPICC26XXDMA_swiFxn)
                  0001180c    00000050     cc2640_ll_xcxx.a : ll.o (.text)
                  0001185c    00000050                      : ll.o (.text)
                  000118ac    00000050                      : ll_common.o (.text)
                  000118fc    00000050                      : ll_common.o (.text)
                  0001194c    00000050     cc26xx_profiles_xcxx.a : gattservapp.o (.text)
                  0001199c    00000050     drivers_cc26x0r2.aem3 : UARTCC26XX.oem3 (.text:startTxFifoEmptyClk)
                  000119ec    0000004e     cc2640_ll_xcxx.a : ll.o (.text)
                  00011a3a    0000004e                      : ll_common.o (.text)
                  00011a88    0000004e                      : ll_privacy.o (.text)
                  00011ad6    00000002     drivers_cc26x0r2.aem3 : PowerCC26XX.oem3 (.text:emptyClockFunc)
                  00011ad8    0000004c                           : GPTimerCC26XX.oem3 (.text:GPTimerCC26XX_start)
                  00011b24    0000004c     icall.obj (.text:ICall_newTask$6)
                  00011b70    0000004c     RFCC26XX_singleMode.obj (.text:RF_wakeupNotifyFxn$4)
                  00011bbc    0000004c     sdi_task.obj (.text:SDITask_createTask)
                  00011c08    0000004c     cc26xx_att_xcxx.a : att_client.o (.text)
                  00011c54    0000004c     cc26xx_gap_xcxx.a : gap_centdevmgr.o (.text)
                  00011ca0    0000004c                       : gap_centlinkmgr.o (.text)
                  00011cec    0000004c     ble5_spp_ble_client_cc2640r2lp_stack_library.lib : gapbondmgr.obj (.text:gapBondMgrUpdateLruBondList$33)
                  00011d38    0000004c                                                      : osal_bufmgr.obj (.text:osal_bm_free)
                  00011d84    0000004c     rtsv7M3_T_le_eabi.lib : cpy_tbl.obj (.text)
                  00011dd0    0000004c     RFCC26XX_singleMode.obj (.text:syncCb$4)
                  00011e1c    0000004a     cc26xx_sm_xcxx.a : sm_mgr.o (.text)
                  00011e66    0000004a     ble5_spp_ble_client_cc2640r2lp_stack_library.lib : gapbondmgr.obj (.text:gapBondMgrSetStateFlagFromConnhandle$33)
                  00011eb0    00000048     ECCROMCC26XX.obj (.text:ECC_initGlobals$3)
                  00011ef8    00000048     ble5_spp_ble_client_cc2640r2lp_stack_library.lib : gapbondmgr.obj (.text:GAPBondMgr_ReadGattChar)
                  00011f40    00000048     drivers_cc26x0r2.aem3 : PINCC26XX.oem3 (.text:PIN_setOutputEnable)
                  00011f88    00000048     sdi_tl_uart.obj (.text:SDITLUART_writeCallBack$15)
                  00011fd0    00000048     util.obj (.text:Util_constructClock)
                  00012018    00000048     cc2640_ll_xcxx.a : ble.o (.text)
                  00012060    00000048                      : ll.o (.text)
                  000120a8    00000048     cc26xx_gap_xcxx.a : gap_centdevmgr.o (.text)
                  000120f0    00000048     cc26xx_profiles_xcxx.a : gattservapp.o (.text)
                  00012138    00000048     cc26xx_sm_xcxx.a : sm_intpairing.o (.text)
                  00012180    00000048                      : sm_intpairing.o (.text)
                  000121c8    00000048     ble5_spp_ble_client_cc2640r2lp_stack_library.lib : osal_timers.obj (.text:osalAddTimer)
                  00012210    00000046     cc26xx_gatt_xcxx.a : gatt_client.o (.text)
                  00012256    00000002     ble5_spp_ble_client_cc2640r2lp_stack_library.lib : hal_assert.obj (.text:halAssertHandler)
                  00012258    00000044     main.obj (.text:AssertHandler)
                  0001229c    00000044     driverlib.lib : osc.obj (.text:NOROM_OSCHF_SwitchToRcOscTurnOffXosc)
                  000122e0    00000044     drivers_cc26x0r2.aem3 : PINCC26XX.oem3 (.text:PIN_swi)
                  00012324    00000044                           : RingBuf.oem3 (.text:RingBuf_put)
                  00012368    00000044                           : SPICC26XXDMA.oem3 (.text:SPICC26XXDMA_csnCallback)
                  000123ac    00000044     boot.aem3 : boot.oem3 (.text)
                  000123f0    00000044     cc2640_ll_xcxx.a : ll.o (.text)
                  00012434    00000044                      : ll.o (.text)
                  00012478    00000044                      : ll_scheduler.o (.text)
                  000124bc    00000044     ble5_spp_ble_client_cc2640r2lp_stack_library.lib : gapbondmgr.obj (.text:gapBondStateStartSecurity$33)
                  00012500    00000044     drivers_cc26x0r2.aem3 : PowerCC26XX.oem3 (.text:notify)
                  00012544    00000044     ble5_spp_ble_client_cc2640r2lp_stack_library.lib : osal_timers.obj (.text:osal_start_timerEx)
                  00012588    00000042                                                      : gapbondmgr.obj (.text:GAPBondMgr_UpdateCharCfg)
                  000125ca    00000042     driverlib.lib : ssi.obj (.text:NOROM_SSIConfigSetExpClk)
                  0001260c    00000042     cc2640_ll_xcxx.a : ble.o (.text)
                  0001264e    00000042                      : ll.o (.text)
                  00012690    00000042                      : ll.o (.text)
                  000126d2    00000042                      : ll_access_address.o (.text)
                  00012714    00000040     ECCROMCC26XX.obj (.text:ECCROMCC26XX_init)
                  00012754    00000040     central.obj (.text:GAPCentralRole_StartDevice)
                  00012794    00000040     drivers_cc26x0r2.aem3 : PINCC26XX.oem3 (.text:PINCC26XX_getConfig)
                  000127d4    00000040     RFCC26XX_singleMode.obj (.text:RF_getRssi)
                  00012814    00000040     drivers_cc26x0r2.aem3 : SPI.oem3 (.text:SPI_init)
                  00012854    00000040                           : SPI.oem3 (.text:SPI_open)
                  00012894    00000040     spp_ble_client.obj (.text:SPPBLEClient_createTask)
                  000128d4    00000040     spp_ble_client.obj (.text:SPPBLEClient_enqueueUARTMsg)
                  00012914    00000040     drivers_cc26x0r2.aem3 : UART.oem3 (.text:UART_init)
                  00012954    00000040                           : UART.oem3 (.text:UART_open)
                  00012994    00000040     cc2640_ll_xcxx.a : ll.o (.text)
                  000129d4    00000040                      : ll_common.o (.text)
                  00012a14    00000040                      : ll_common.o (.text)
                  00012a54    00000040                      : ll_common.o (.text)
                  00012a94    00000040     cc26xx_gap_xcxx.a : gap_centdevmgr.o (.text)
                  00012ad4    00000040                       : gap_centdevmgr.o (.text)
                  00012b14    00000040     cc26xx_profiles_xcxx.a : gattservapp.o (.text)
                  00012b54    00000040     ble5_spp_ble_client_cc2640r2lp_stack_library.lib : osal_snv_wrapper.obj (.text:erasePage$30)
                  00012b94    0000003e     drivers_cc26x0r2.aem3 : RingBuf.oem3 (.text:RingBuf_get)
                  00012bd2    0000003e     cc2640_ll_xcxx.a : ll_common.o (.text)
                  00012c10    0000003e     cc26xx_gatt_xcxx.a : gatt_client.o (.text)
                  00012c4e    00000002     ble5_spp_ble_client_cc2640r2lp_stack_library.lib : hal_assert.obj (.text:halAssertSpinlock)
                  00012c50    0000003c     central.obj (.text:GAPCentralRole_createTask)
                  00012c8c    0000003c     driverlib.lib : osc.obj (.text:NOROM_OSC_HPOSCRelativeFrequencyOffsetGet)
                  00012cc8    0000003c     drivers_cc26x0r2.aem3 : PowerCC26XX.oem3 (.text:PowerCC26XX_isStableXOSC_HF)
                  00012d04    0000003c                           : PowerCC26XX.oem3 (.text:PowerCC26XX_switchXOSC_HF)
                  00012d40    0000003c     RFCC26XX_singleMode.obj (.text:RF_runCmd)
                  00012d7c    0000003c     sdi_tl.obj (.text:SDITL_transmissionCallBack$14)
                  00012db8    0000003c     cc2640_ll_xcxx.a : ll_common.o (.text)
                  00012df4    0000003c                      : ll_common.o (.text)
                  00012e30    0000003c                      : ll_scheduler.o (.text)
                  00012e6c    0000003c     cc26xx_gap_xcxx.a : gap_centdevmgr.o (.text)
                  00012ea8    0000003c                       : gap_centlinkmgr.o (.text)
                  00012ee4    0000003c     cc26xx_profiles_xcxx.a : gattservapp.o (.text)
                  00012f20    0000003c                            : gattservapp.o (.text)
                  00012f5c    0000003c                            : gattservapp.o (.text)
                  00012f98    0000003c     cc26xx_sm_xcxx.a : sm_intpairing.o (.text)
                  00012fd4    0000003c     ble5_spp_ble_client_cc2640r2lp_stack_library.lib : osal_bufmgr.obj (.text:osal_bm_alloc)
                  00013010    0000003c                                                      : osal_timers.obj (.text:osal_start_reload_timer)
                  0001304c    0000003c     RFCC26XX_singleMode.obj (.text:postDirImmCmd$4)
                  00013088    0000003a     cc26xx_gatt_xcxx.a : gatt_client.o (.text)
                  000130c2    00000002     icall_api_lite.obj (.text:rfErrCb)
                  000130c4    00000038     board_key.obj (.text:Board_keyCallback$0)
                  000130fc    00000038     drivers_cc26x0r2.aem3 : PINCC26XX.oem3 (.text:PIN_setOutputValue)
                  00013134    00000038     spp_ble_client.obj (.text:SPPBLEClient_blinkLed)
                  0001316c    00000038     drivers_cc26x0r2.aem3 : UARTCC26XX.oem3 (.text:UARTCC26XX_swiIntFxn)
                  000131a4    00000038     cc2640_ll_xcxx.a : ble.o (.text)
                  000131dc    00000038                      : ll.o (.text)
                  00013214    00000038                      : ll_common.o (.text)
                  0001324c    00000038                      : ll_common.o (.text)
                  00013284    00000038                      : ll_common.o (.text)
                  000132bc    00000038                      : ll_common.o (.text)
                  000132f4    00000038                      : ll_common.o (.text)
                  0001332c    00000038                      : ll_privacy.o (.text)
                  00013364    00000038                      : ll_scheduler.o (.text)
                  0001339c    00000038                      : ll_scheduler.o (.text)
                  000133d4    00000038     cc26xx_gap_xcxx.a : gap_centlinkmgr.o (.text)
                  0001340c    00000038     cc26xx_gatt_xcxx.a : gatt_client.o (.text)
                  00013444    00000038                        : gatt_client.o (.text)
                  0001347c    00000038     cc26xx_l2cap_xcxx.a : l2cap_util.o (.text)
                  000134b4    00000038     cc26xx_sm_xcxx.a : sm_mgr.o (.text)
                  000134ec    00000038     ble5_spp_ble_client_cc2640r2lp_stack_library.lib : osal_snv_wrapper.obj (.text:disableCache$30)
                  00013524    00000038     RFCC26XX_singleMode.obj (.text:dispatchOpWhen$4)
                  0001355c    00000038     ble5_spp_ble_client_cc2640r2lp_stack_library.lib : osal.obj (.text:osal_alien2proxy)
                  00013594    00000038     rom_sysbios.aem3 : rom_sysbios.obj (.text:ti_sysbios_family_arm_cc26xx_Timer_getCurrentTick__E)
                  000135cc    00000038                      : rom_sysbios.obj (.text:ti_sysbios_family_arm_cc26xx_Timer_setThreshold__I)
                  00013604    00000036     drivers_cc26x0r2.aem3 : CryptoCC26XX.oem3 (.text:CryptoCC26XX_loadKey)
                  0001363a    00000036                           : UDMACC26XX.oem3 (.text:UDMACC26XX_close)
                  00013670    00000034     ble5_spp_ble_client_cc2640r2lp_stack_library.lib : gattservapp_util.obj (.text:GATTServApp_InitCharCfg)
                  000136a4    00000034     drivers_cc26x0r2.aem3 : GPTimerCC26XX.oem3 (.text:GPTimerCC26XXSetLoadMatch)
                  000136d8    00000034     icall.obj (.text:ICall_primEntityId2ServiceId$6)
                  0001370c    00000034     icall.obj (.text:ICall_searchServiceEntity)
                  00013740    00000034     drivers_cc26x0r2.aem3 : PINCC26XX.oem3 (.text:PIN_setConfig)
                  00013774    00000034                           : PINCC26XX.oem3 (.text:PIN_setInterrupt)
                  000137a8    00000034                           : PowerCC26XX.oem3 (.text:Power_releaseConstraint)
                  000137dc    00000034     RFCC26XX_singleMode.obj (.text:Q_push$4)
                  00013810    00000034     sdi_tl.obj (.text:SDITL_readTL)
                  00013844    00000034     util.obj (.text:Util_enqueueMsg)
                  00013878    00000034     cc2640_ll_xcxx.a : ble.o (.text)
                  000138ac    00000034                      : ll.o (.text)
                  000138e0    00000034                      : ll_common.o (.text)
                  00013914    00000034                      : ll_isr.o (.text)
                  00013948    00000034                      : ll_scheduler.o (.text)
                  0001397c    00000034     cc26xx_gatt_xcxx.a : gatt_client.o (.text)
                  000139b0    00000034     cc26xx_hci_tl_none.a : hci_tl.o (.text)
                  000139e4    00000034     ble5_spp_ble_client_cc2640r2lp_stack_library.lib : osal.obj (.text:osal_clear_event)
                  00013a18    00000034                                                      : osal.obj (.text:osal_msec_timer_cback$25)
                  00013a4c    00000034                                                      : osal_timers.obj (.text:osal_stop_timerEx)
                  00013a80    00000034     rom_sysbios.aem3 : rom_sysbios.obj (.text:ti_sysbios_family_arm_cc26xx_Timer_initDevice__I)
                  00013ab4    00000032     icall.obj (.text:ICall_fetchServiceMsg)
                  00013ae6    00000032     cc2640_ll_xcxx.a : ll_access_address.o (.text)
                  00013b18    00000032                      : ll_access_address.o (.text)
                  00013b4a    00000032     rom_sysbios.aem3 : rom_sysbios.obj (.text:ti_sysbios_family_arm_cc26xx_Timer_setNextTick__E)
                  00013b7c    00000030     ble5_spp_ble_client_cc2640r2lp_stack_library.lib : gapbondmgr.obj (.text:GAPBondMgr_PasscodeRsp)
                  00013bac    00000030                                                      : hal_flash_wrapper.obj (.text:HalFlashRead)
                  00013bdc    00000030     icall.obj (.text:ICall_dispatch$6)
                  00013c0c    00000030     icall.obj (.text:ICall_msecs2Ticks$6)
                  00013c3c    00000030     drivers_cc26x0r2.aem3 : PowerCC26XX.oem3 (.text:Power_setConstraint)
                  00013c6c    00000030     cc2640_ll_xcxx.a : ll.o (.text)
                  00013c9c    00000030                      : ll.o (.text)
                  00013ccc    00000030                      : ll_access_address.o (.text)
                  00013cfc    00000030                      : ll_access_address.o (.text)
                  00013d2c    00000030     cc26xx_att_xcxx.a : att_client.o (.text)
                  00013d5c    00000030                       : att_client.o (.text)
                  00013d8c    00000030     cc26xx_gatt_xcxx.a : gatt_client.o (.text)
                  00013dbc    00000030     cc26xx_profiles_xcxx.a : gattservapp.o (.text)
                  00013dec    00000030     ble5_spp_ble_client_cc2640r2lp_stack_library.lib : osal_timers.obj (.text:osal_get_timeoutEx)
                  00013e1c    00000030     app_ble_pem3.oem3 (.text:ti_sysbios_BIOS_atExitFunc__I)
                  00013e4c    00000030     app_ble_pem3.oem3 (.text:ti_sysbios_BIOS_startFunc__I)
                  00013e7c    0000002e     icall_cc2650.obj (.text:ICallPlatform_pwrDispenseImpl$7)
                  00013eaa    0000002e     icall_cc2650.obj (.text:ICallPlatform_pwrRequireImpl$7)
                  00013ed8    0000002e     cc2640_ll_xcxx.a : ll.o (.text)
                  00013f06    0000002e                      : ll_privacy.o (.text)
                  00013f34    0000002e                      : ll_privacy.o (.text)
                  00013f62    0000002e     cc26xx_profiles_xcxx.a : gattservapp.o (.text)
                  00013f90    0000002e     ble5_spp_ble_client_cc2640r2lp_stack_library.lib : osal.obj (.text:osal_build_uint32)
                  00013fbe    0000002e     drivers_cc26x0r2.aem3 : UARTCC26XX.oem3 (.text:readData)
                  00013fec    0000002e                           : UARTCC26XX.oem3 (.text:writeData)
                  0001401a    00000002     app_ble_pem3.oem3 (.text:ti_sysbios_BIOS_nullFunc__I)
                  0001401c    0000002c     icall.obj (.text:ICall_getLocalMsgEntityId)
                  00014048    0000002c     icall.obj (.text:ICall_heapFree)
                  00014074    0000002c     icall.obj (.text:ICall_msgEnqueue$6)
                  000140a0    0000002c     icall.obj (.text:ICall_searchTask$6)
[...]
20004564  gapPeripheralConnCBs                                                      
20004584  smResponderCBs                                                            
2000459c  slaveConnHandle                                                           
2000459e  nextHandle                                                                
200045a0  l2capMtuSize                                                              
200045a2  gapAppTaskID                                                              
200045a3  gapAdvAppTaskID                                                           
200045a4  gapUnwantedTaskID                                                         
200045a5  reqTaskId                                                                 
200045a6  gattAppTaskID                                                             
200045a7  appTaskID                                                                 
200045a8  flowCtrlTaskId                                                            
200045a9  SM_appTaskID                                                              
200047cc  wlTable                                                                   
200048a8  wlTableScan                                                               
20004a20  advCmd                                                                    
20004a68  localEccKeys                                                              
20004ae4  advDataEntry                                                              
20004b1c  l2capFixedChannels                                                        
20004b4c  linkCBs                                                                   
20004b7c  eccParams                                                                 
20004bac  initParam                                                                 
20004bd0  scanParam                                                                 
20004bf4  advParam                                                                  
20004c14  cryptoPRAND                                                               
20004c34  txModemTestCmd                                                            
20004c50  gapParams                                                                 
20004c6c  initCmd                                                                   
20004c84  connReqData                                                               
20004c9c  scanCmd                                                                   
20004cb4  scanOutput                                                                
20004ce4  rxModemTestCmd                                                            
20004cfc  rsp                                                                       
20004d14  fwParDtmCmd                                                               
20004d44  fwParRfCmd                                                                
20004d5c  connOutput                                                                
20004d70  rxTestParam                                                               
20004d84  initDataQueue                                                             
20004d94  scanDataQueue                                                             
20004da4  advDataQueue                                                              
20004db4  advOutput                                                                 
20004dc4  txTestParam                                                               
20004dd4  initOutput                                                                
20004de0  rxTestOut                                                                 
20004df8  cachedTRNGdata                                                            
20004e04  gapCurrentRandomAddr                                                      
20004e0c  slaveUpdateReq                                                            
20004e14  pBleEvtMask                                                               
20004e1c  pHciEvtMask                                                               
20004e24  pHciEvtMask2                                                              
20004e2c  ownPublicAddr                                                             
20004e34  ownRandomAddr                                                             
20004e3c  ownSavedPublicAddr                                                        
20004e44  fwImmedCmd                                                                
20004e4c  attServerNotifyTxCB                                                       
20004e50  rfEvent                                                                   
20004e58  fwParCmd                                                                  
20004e60  verInfo                                                                   
20004e68  llConns                                                                   
20004e70  fwParamImmedCmd                                                           
20004e78  privInfo                                                                  
20004e88  rxDataQ                                                                   
20004e8c  txDataQ                                                                   
20004e90  rxRingBuf                                                                 
20004e94  txTestOut                                                                 
20004e98  pGapDiscReq                                                               
20004e9c  pGapAdvertState                                                           
20004ea0  pEstLink                                                                  
20004ea4  pAuthLink                                                                 
20004ea8  pfnCentralConnCBs                                                         
20004eac  pfnPeripheralConnCBs                                                      
20004eb0  pGapAdvTokens                                                             
20004eb4  pGapAdData                                                                
20004eb8  pGapScanRspData                                                           
20004ebc  pfnPeripheralCBs                                                          
20004ec0  pfnCentralCBs                                                             
20004ec4  pfnBondMgrCBs                                                             
20004ec8  serverInfoTbl                                                             
20004ecc  pServiceList                                                              
20004ed0  pfnServerProcessMsgCB                                                     
20004ed4  pfnClientProcessMsgCB                                                     
20004ed8  prepareWritesTbl                                                          
20004edc  serviceCBsList                                                            
20004ee0  pAttrValue                                                                
20004ee4  l2capChannels                                                             
20004ee8  linkDB                                                                    
20004eec  rfHandle                                                                  
20004ef0  rfDrvTblPtr                                                               
20004ef4  eccDrvTblPtr                                                              
20004ef8  cryptoDrvTblPtr                                                           
20004efc  trngDrvTblPtr                                                             
20004f00  activeConns                                                               
20004f04  SysBootMsg                                                                
20004f08  sclkSrc                                                                   
20004f0c  buildInfo                                                                 
20004f10  advInfo                                                                   
20004f18  initInfo                                                                  
20004f20  taskEndAction                                                             
20004f24  encParams                                                                 
20004f28  encHandle                                                                 
20004f2c  encKey                                                                    
20004f30  pPairingParams                                                            
20004f34  pfnResponderCBs                                                           
20004f38  pfnInitiatorCBs                                                           
20004f3c  gapLimitedAdvertisingTimeout                                              
20004f3e  attrLen                                                                   
20004f40  numHostBufs                                                               
20004f42  rfCmdHandle                                                               
20004f44  connInitialMaxTxOctets                                                    
20004f46  connInitialMaxTxTime                                                      
20004f48  supportedMaxTxOctets                                                      
20004f4a  supportedMaxTxTime                                                        
20004f4c  supportedMaxRxOctets                                                      
20004f4e  supportedMaxRxTime                                                        
20004f50  taskEndStatus                                                             
20004f52  postRfOperations                                                          
20004f54  rfCfgAdiVal                                                               
20004f58  gapProfileRole                                                            
20004f59  gapDeviceAddrMode                                                         
20004f5a  gapState                                                                  
20004f5b  terminateAllTaskID                                                        
20004f5c  terminateReason                                                           
20004f5d  gapTaskID                                                                 
20004f5e  gattNumConns                                                              
20004f5f  gattTaskID                                                                
20004f60  GATTServApp_TaskID                                                        
20004f61  maxNumPrepareWrites                                                       
20004f62  hciPTMenabled                                                             
20004f63  ctrlToHostEnable                                                          
20004f64  l2capFlowCtrlMode                                                         
20004f65  l2capTaskID                                                               
20004f66  l2capNumChannels                                                          
20004f67  l2capNumDataPkts                                                          
20004f68  l2capId                                                                   
20004f69  linkDBNumConns                                                            
20004f6a  linkDB_secureConnectionOnlyMode                                           
20004f6b  maxPduSize                                                                
20004f6c  rfFeModeBias                                                              
20004f6d  maxNumTxDataBufs                                                          
20004f6e  LL_TaskID                                                                 
20004f6f  llState                                                                   
20004f70  rssiCorrection                                                            
20004f71  curTxPowerVal                                                             
20004f72  maxTxPwrForDTM                                                            
20004f73  onePktPerEvt                                                              
20004f74  numComplPkts                                                              
20004f75  numComplPktsLimit                                                         
20004f76  numComplPktsFlush                                                         
20004f77  fastTxRespTime                                                            
20004f78  slOverride                                                                
20004f79  rxFifoFlowCtrl                                                            
20004f7a  numTxDataBufs                                                             
20004f7b  maxNumConns                                                               
20004f7c  smTaskID                                                                  
20004f7d  SM_appExpectingKey                                                        
20004f80  ECC_DATA$$Base                                                            
20004f80  eccRom_param_Gx                                                           
20004f84  eccRom_param_Gy                                                           
20004f88  eccRom_workzone                                                           
20004f8c  eccRom_param_p                                                            
20004f90  eccRom_param_r                                                            
20004f94  eccRom_param_a                                                            
20004f98  eccRom_param_b                                                            
20004f9c  eccRom_windowSize                                                         
20004fa0  aux64                                                                     
20004fa8  MOD                                                                       
20004fac  LEN                                                                       
20004fb0  inScalar                                                                  
20004fb4  inPointX                                                                  
20004fb8  inPointY                                                                  
20004fbc  outPointX                                                                 
20004fc0  outPointY                                                                 
20004fc4  SCAL                                                                      
20004fc8  EXPX                                                                      
20004fcc  EXPY                                                                      
20004fd0  EXPZ                                                                      
20004fd4  EXPW                                                                      
20004fd8  ACCX                                                                      
20004fdc  ACCY                                                                      
20004fe0  ACCZ                                                                      
20004fe4  TMP1                                                                      
20004fe8  TMP2                                                                      
20004fec  TMP3                                                                      
20004ff0  TMP4                                                                      
20004ff4  TMP5                                                                      
20004ff8  TMP6                                                                      
20004ffc  MSBMOD                                                                    
20005000  ECC_DATA$$Limit                                                           
e000e000  ti_sysbios_family_arm_m3_Hwi_nvic                                         
ffffffff  __TI_pprof_out_hndl                                                       
ffffffff  __TI_prof_data_size                                                       
ffffffff  __TI_prof_data_start                                                      
ffffffff  __binit__                                                                 
ffffffff  __c_args__                                                                
ffffffff  binit                                                                     
UNDEFED   HwiP_restore                                                              
UNDEFED   ICall_getTicks                                                            
UNDEFED   SHT$$INIT_ARRAY$$Base                                                     
UNDEFED   SHT$$INIT_ARRAY$$Limit                                                    
UNDEFED   ti_sysbios_BIOS_RtsGateProxy_Handle__label__S__mangled__                  
UNDEFED   ti_sysbios_BIOS_RtsGateProxy_Params__init__S__mangled__                   
UNDEFED   ti_sysbios_BIOS_RtsGateProxy_query__E__mangled__                          
UNDEFED   ti_sysbios_hal_Hwi_HwiProxy_Module__startupDone__S__mangled__             
UNDEFED   ti_sysbios_hal_Hwi_HwiProxy_Params__init__S__mangled__                    
UNDEFED   ti_sysbios_hal_Hwi_HwiProxy_disableInterrupt__E__mangled__                
UNDEFED   ti_sysbios_hal_Hwi_HwiProxy_enableInterrupt__E__mangled__                 
UNDEFED   ti_sysbios_hal_Hwi_HwiProxy_getStackInfo__E__mangled__                    
UNDEFED   ti_sysbios_hal_Hwi_HwiProxy_startup__E__mangled__                         
UNDEFED   ti_sysbios_hal_Hwi_HwiProxy_switchFromBootStack__E__mangled__             
UNDEFED   ti_sysbios_hal_Hwi_disableInterrupt__E                                    
UNDEFED   ti_sysbios_hal_Hwi_enableInterrupt__E                                     
UNDEFED   ti_sysbios_hal_Hwi_getStackInfo__E                                        
UNDEFED   ti_sysbios_hal_Hwi_startup__E                                             
UNDEFED   ti_sysbios_hal_Hwi_switchFromBootStack__E                                 
UNDEFED   ti_sysbios_heaps_HeapMem_Module_GateProxy_Handle__label__S__mangled__     
UNDEFED   ti_sysbios_heaps_HeapMem_Module_GateProxy_Params__init__S__mangled__      
UNDEFED   ti_sysbios_heaps_HeapMem_Module_GateProxy_query__E__mangled__             
UNDEFED   ti_sysbios_knl_Clock_TimerProxy_Module__startupDone__S__mangled__         
UNDEFED   ti_sysbios_knl_Clock_TimerProxy_startup__E__mangled__                     
UNDEFED   ti_sysbios_knl_Task_SupportProxy_Module__startupDone__S__mangled__        
UNDEFED   ti_sysbios_knl_Task_SupportProxy_getStackAlignment__E__mangled__          
UNDEFED   ti_sysbios_knl_Task_SupportProxy_start__E__mangled__                      
UNDEFED   ti_sysbios_knl_Task_SupportProxy_swap__E__mangled__                       
UNDEFED   xdc_runtime_Main_Module_GateProxy_Handle__label__S                        
UNDEFED   xdc_runtime_Main_Module_GateProxy_query__E                                
UNDEFED   xdc_runtime_Memory_HeapProxy_Handle__label__S__mangled__                  
UNDEFED   xdc_runtime_System_Module_GateProxy_Handle__label__S__mangled__           
UNDEFED   xdc_runtime_System_Module_GateProxy_query__E__mangled__                   
UNDEFED   xdc_runtime_System_SupportProxy_abort__E                                  
UNDEFED   xdc_runtime_System_SupportProxy_exit__E                                   
UNDEFED   xdc_runtime_Timestamp_SupportProxy_get64__E__mangled__                    
UNDEFED   xdc_runtime_Timestamp_SupportProxy_getFreq__E__mangled__                  
UNDEFED   xdc_runtime_Timestamp_get32__E                                            
UNDEFED   xdc_runtime_Timestamp_get64__E                                            
UNDEFED   xdc_runtime_Timestamp_getFreq__E                                          

[2308 symbols]
